{
    "data": [
        {
            "id": 1,
            "user_id": 2,
            "slug": "repellat-quod-eos-animi-quibusdam",
            "title": "Repellat quod eos animi quibusdam.",
            "description": "Ut beatae repudiandae sequi. Vel sequi error sit iusto. Occaecati eius optio incidunt quae sed.",
            "content": "Dolor tempora autem aut dignissimos occaecati sint. Nihil iure fugiat quaerat qui. Tempora atque nesciunt odit in natus sit. Commodi recusandae voluptatem eveniet voluptatem corporis minus.",
            "published": false,
            "published_at": "2020-12-11T14:02:30.000000Z",
            "created_at": "2021-02-09T15:58:05.000000Z",
            "updated_at": "2021-02-09T15:58:05.000000Z",
            "author": "Lonnie Kirlin"
        },
        {
            "id": 2,
            "user_id": 2,
            "slug": "assumenda-provident-atque-beatae-qui-in-soluta-accusantium",
            "title": "Assumenda provident atque beatae qui in soluta accusantium.",
            "description": "Voluptatum odit mollitia in asperiores quaerat. Exercitationem cum aut placeat modi culpa adipisci ab fugiat.",
            "content": "Praesentium distinctio quia commodi laborum vel aspernatur. Quos modi possimus numquam et. Reprehenderit velit sed hic error exercitationem sit veritatis id.",
            "published": false,
            "published_at": "2020-03-26T12:41:43.000000Z",
            "created_at": "2021-02-09T15:58:05.000000Z",
            "updated_at": "2021-02-09T15:58:05.000000Z",
            "author": "Lonnie Kirlin"
        },
        {
            "id": 3,
            "user_id": 2,
            "slug": "laborum-est-quis-ut",
            "title": "Laborum est quis ut.",
            "description": "Eius hic aspernatur dolorem. Iste numquam natus dicta qui optio saepe laudantium quas.",
            "content": "Corrupti voluptate aperiam iste dolore corrupti. Maiores nihil suscipit commodi corrupti. Unde reprehenderit optio tempora voluptatem non ipsum.",
            "published": true,
            "published_at": "2021-02-02T01:04:04.000000Z",
            "created_at": "2021-02-09T15:58:05.000000Z",
            "updated_at": "2021-02-09T15:58:05.000000Z",
            "author": "Lonnie Kirlin"
        },
        {
            "id": 4,
            "user_id": 2,
            "slug": "totam-in-mollitia-est-est-architecto-dicta",
            "title": "Totam in mollitia est est architecto dicta.",
            "description": "Non voluptates et inventore excepturi. Mollitia culpa temporibus facilis quo suscipit sed exercitationem. Saepe ut nam error possimus quam facere.",
            "content": "Distinctio occaecati rerum id nostrum. Ipsa aut id minus praesentium. Sint eaque est dolorum laborum velit suscipit tempora.",
            "published": true,
            "published_at": "2020-11-17T20:33:32.000000Z",
            "created_at": "2021-02-09T15:58:05.000000Z",
            "updated_at": "2021-02-09T15:58:05.000000Z",
            "author": "Lonnie Kirlin"
        },
        {
            "id": 5,
            "user_id": 2,
            "slug": "eos-iste-eligendi-et-reiciendis-quo-dolores-expedita",
            "title": "Eos iste eligendi et reiciendis quo dolores expedita.",
            "description": "Dolores voluptatibus soluta vitae qui sed iure. Impedit et officiis eius. Commodi exercitationem dolores dolorem molestias qui et libero.",
            "content": "Reiciendis cupiditate non sit commodi magnam. Vel voluptatem laborum facilis ut. Repudiandae earum quos aut et. Consequatur odio perferendis rerum excepturi maxime quibusdam necessitatibus.",
            "published": false,
            "published_at": "2020-11-20T01:33:44.000000Z",
            "created_at": "2021-02-09T15:58:05.000000Z",
            "updated_at": "2021-02-09T15:58:05.000000Z",
            "author": "Lonnie Kirlin"
        },
        {
            "id": 6,
            "user_id": 2,
            "slug": "incidunt-voluptatem-repudiandae-dolores-sunt-minus-non",
            "title": "Incidunt voluptatem repudiandae dolores sunt minus non.",
            "description": "Consequuntur officia autem quos quos aut molestias qui quaerat. Maxime eligendi laboriosam debitis.",
            "content": "Voluptas aspernatur maiores dolores quia ab. Deleniti accusamus numquam numquam quas non nam. Est qui inventore ab.",
            "published": false,
            "published_at": "2020-09-07T14:39:08.000000Z",
            "created_at": "2021-02-09T15:58:05.000000Z",
            "updated_at": "2021-02-09T15:58:05.000000Z",
            "author": "Lonnie Kirlin"
        },
        {
            "id": 7,
            "user_id": 2,
            "slug": "quae-ut-dolorem-blanditiis-delectus-sed-non-nulla",
            "title": "Quae ut dolorem blanditiis delectus sed non nulla.",
            "description": "Dolorum est omnis architecto rerum et minima. Qui nihil doloribus nam consequatur.",
            "content": "Debitis non provident consequatur blanditiis iusto. Sit voluptatem qui aliquid labore aspernatur velit cum voluptas. Rerum laudantium dolores rerum nemo explicabo.",
            "published": false,
            "published_at": "2020-05-25T05:32:18.000000Z",
            "created_at": "2021-02-09T15:58:05.000000Z",
            "updated_at": "2021-02-09T15:58:05.000000Z",
            "author": "Lonnie Kirlin"
        },
        {
            "id": 8,
            "user_id": 2,
            "slug": "voluptatibus-ipsum-minima-laboriosam-sit",
            "title": "Voluptatibus ipsum minima laboriosam sit.",
            "description": "Neque et quia nemo voluptatibus enim. Animi dolores quos ut rerum. Unde ab ipsam consequuntur aut est est.",
            "content": "Est architecto voluptatum cumque quia voluptas ut doloribus veniam. Nulla nostrum voluptate quo. Non pariatur ullam aut velit molestiae.",
            "published": false,
            "published_at": "2020-12-29T08:19:51.000000Z",
            "created_at": "2021-02-09T15:58:05.000000Z",
            "updated_at": "2021-02-09T15:58:05.000000Z",
            "author": "Lonnie Kirlin"
        },
        {
            "id": 9,
            "user_id": 2,
            "slug": "dolorem-voluptas-illo-repellendus-qui-voluptatem-atque-dolores",
            "title": "Dolorem voluptas illo repellendus qui voluptatem atque dolores.",
            "description": "Dolorem laudantium aliquid repellendus velit magni qui et incidunt. Eaque sit ut dicta eaque excepturi delectus et.",
            "content": "Est facilis cum facere aperiam rerum saepe. Placeat veniam voluptatem qui nobis. At fuga harum aspernatur vel quisquam facilis nostrum.",
            "published": true,
            "published_at": "2020-08-14T13:26:24.000000Z",
            "created_at": "2021-02-09T15:58:05.000000Z",
            "updated_at": "2021-02-09T15:58:05.000000Z",
            "author": "Lonnie Kirlin"
        },
        {
            "id": 10,
            "user_id": 2,
            "slug": "aliquid-quos-sint-eligendi-laborum-unde-soluta-reiciendis",
            "title": "Aliquid quos sint eligendi laborum unde soluta reiciendis.",
            "description": "Nesciunt et commodi laudantium consectetur totam voluptatem. Numquam aut voluptatem aut eos debitis commodi deserunt. Veniam ut nulla veniam culpa voluptatum.",
            "content": "Atque tempore consequuntur voluptas sit tempore odit. Et possimus et deserunt eos. Et necessitatibus animi voluptate qui.",
            "published": false,
            "published_at": "2021-01-16T21:01:28.000000Z",
            "created_at": "2021-02-09T15:58:05.000000Z",
            "updated_at": "2021-02-09T15:58:05.000000Z",
            "author": "Lonnie Kirlin"
        },
        {
            "id": 11,
            "user_id": 2,
            "slug": "et-enim-sunt-quo-sunt",
            "title": "Et enim sunt quo sunt.",
            "description": "Quibusdam dolorum ipsa nam nesciunt. Qui nam sit ipsum autem voluptas nesciunt.",
            "content": "Voluptates atque molestiae laborum rerum rerum voluptatum eos. Et beatae id est aut quia fugiat ad. Repudiandae repellendus autem illo aut.",
            "published": false,
            "published_at": "2020-11-02T07:40:21.000000Z",
            "created_at": "2021-02-09T15:58:05.000000Z",
            "updated_at": "2021-02-09T15:58:05.000000Z",
            "author": "Lonnie Kirlin"
        },
        {
            "id": 12,
            "user_id": 2,
            "slug": "cupiditate-odio-consequuntur-a-non",
            "title": "Cupiditate odio consequuntur a non.",
            "description": "Deserunt ea velit pariatur et omnis et. Ut est facere explicabo. Et dolor rerum similique eveniet omnis dolorum aliquam.",
            "content": "Odit dolor eos sapiente doloribus dolorem. Enim aspernatur magni non doloribus sunt ea ducimus sit. Quae perspiciatis sit ea.",
            "published": true,
            "published_at": "2020-02-10T04:01:01.000000Z",
            "created_at": "2021-02-09T15:58:05.000000Z",
            "updated_at": "2021-02-09T15:58:05.000000Z",
            "author": "Lonnie Kirlin"
        },
        {
            "id": 13,
            "user_id": 2,
            "slug": "fugit-et-dignissimos-nesciunt-aut",
            "title": "Fugit et dignissimos nesciunt aut.",
            "description": "Ea facere porro sed eum sit qui. Ea natus aut quos odio dolor non laborum. Occaecati et non aspernatur.",
            "content": "Et blanditiis vero nihil consequatur adipisci. Nemo non dolor fugit omnis accusamus fuga qui. Omnis voluptates et sed quam aut atque ipsa voluptatem. Quo aut rerum ad dolorum.",
            "published": false,
            "published_at": "2020-02-11T07:41:23.000000Z",
            "created_at": "2021-02-09T15:58:05.000000Z",
            "updated_at": "2021-02-09T15:58:05.000000Z",
            "author": "Lonnie Kirlin"
        },
        {
            "id": 14,
            "user_id": 2,
            "slug": "error-itaque-ea-mollitia-assumenda",
            "title": "Error itaque ea mollitia assumenda.",
            "description": "Iure debitis provident enim sequi. Aut ipsa blanditiis reiciendis iste consectetur sunt voluptatum officiis.",
            "content": "Nihil praesentium ut cupiditate. Voluptatem quos rem autem est enim rerum. Est et saepe deserunt. Aspernatur quasi ipsam quaerat voluptatem cum. Id aut dolorem rerum aut et voluptas ut.",
            "published": false,
            "published_at": "2020-06-20T07:09:46.000000Z",
            "created_at": "2021-02-09T15:58:05.000000Z",
            "updated_at": "2021-02-09T15:58:05.000000Z",
            "author": "Lonnie Kirlin"
        },
        {
            "id": 15,
            "user_id": 2,
            "slug": "quia-quia-nobis-doloremque-dolores-facere-quae-quis",
            "title": "Quia quia nobis doloremque dolores facere quae quis.",
            "description": "Consectetur sunt optio aliquam id culpa asperiores impedit. Dignissimos qui mollitia pariatur consequuntur corrupti quia ullam. Laborum qui dolores eveniet et.",
            "content": "Quam eaque architecto facere vitae hic repellendus sed. Et tenetur provident repellendus dignissimos nobis iusto. Qui commodi sunt qui eum animi minus sit.",
            "published": false,
            "published_at": "2020-10-26T02:09:13.000000Z",
            "created_at": "2021-02-09T15:58:05.000000Z",
            "updated_at": "2021-02-09T15:58:05.000000Z",
            "author": "Lonnie Kirlin"
        },
        {
            "id": 16,
            "user_id": 2,
            "slug": "accusamus-optio-sed-facilis-fuga",
            "title": "Accusamus optio sed facilis fuga.",
            "description": "Qui doloremque consequatur quia consequatur minus reprehenderit maxime. Sit laborum repudiandae voluptas sed dolore quos sint. Illo veniam et repellendus corrupti amet qui ad.",
            "content": "Est nisi perspiciatis laboriosam. Repudiandae quae voluptas quia. In voluptatibus recusandae placeat sint. Similique ducimus eum deserunt. Quis ipsa repellat iste expedita.",
            "published": false,
            "published_at": "2020-06-26T01:14:46.000000Z",
            "created_at": "2021-02-09T15:58:05.000000Z",
            "updated_at": "2021-02-09T15:58:05.000000Z",
            "author": "Lonnie Kirlin"
        },
        {
            "id": 17,
            "user_id": 2,
            "slug": "quas-perspiciatis-iusto-vel",
            "title": "Quas perspiciatis iusto vel.",
            "description": "Eos asperiores id quis sunt nostrum aspernatur exercitationem. Occaecati ut distinctio tenetur quam aliquid dolorum magnam.",
            "content": "Voluptatem harum aliquid laborum amet dolore. Rerum est dolores velit magnam aspernatur quia. Voluptatem consequuntur in perferendis laborum sed ad.",
            "published": true,
            "published_at": "2020-09-08T08:12:59.000000Z",
            "created_at": "2021-02-09T15:58:05.000000Z",
            "updated_at": "2021-02-09T15:58:05.000000Z",
            "author": "Lonnie Kirlin"
        },
        {
            "id": 18,
            "user_id": 2,
            "slug": "aliquid-aliquid-delectus-aspernatur-officia-harum-molestiae-perspiciatis-occaecati",
            "title": "Aliquid aliquid delectus aspernatur officia harum molestiae perspiciatis occaecati.",
            "description": "Nobis velit qui enim ut rem veritatis sed iste. Ducimus et deleniti explicabo eos reprehenderit dicta. Dolorem quas explicabo reiciendis possimus quia voluptatum numquam.",
            "content": "Eum nihil atque nobis dolores quae. Sit est atque autem sapiente sint molestiae natus.",
            "published": true,
            "published_at": "2020-10-30T08:41:42.000000Z",
            "created_at": "2021-02-09T15:58:05.000000Z",
            "updated_at": "2021-02-09T15:58:05.000000Z",
            "author": "Lonnie Kirlin"
        },
        {
            "id": 19,
            "user_id": 2,
            "slug": "qui-omnis-dignissimos-repellat-officia-eius",
            "title": "Qui omnis dignissimos repellat officia eius.",
            "description": "Numquam aspernatur hic est modi iure quaerat. Repellat impedit reprehenderit numquam pariatur ut. Non nam rerum quidem amet.",
            "content": "Consequuntur adipisci fuga et facere quia qui vel quisquam. Fugit quia maiores beatae voluptas est omnis. Dolorem ut tempore in quidem nemo quasi autem.",
            "published": false,
            "published_at": "2020-10-26T21:23:25.000000Z",
            "created_at": "2021-02-09T15:58:05.000000Z",
            "updated_at": "2021-02-09T15:58:05.000000Z",
            "author": "Lonnie Kirlin"
        },
        {
            "id": 20,
            "user_id": 2,
            "slug": "expedita-neque-qui-voluptatibus-ea",
            "title": "Expedita neque qui voluptatibus ea.",
            "description": "Aliquam illo error libero sit voluptates iure consequatur. Sed aut suscipit et eius velit velit omnis. Ducimus provident sint explicabo et dolore delectus.",
            "content": "Voluptate et voluptas maxime nemo sequi dolorem libero. Vero dignissimos distinctio animi minus temporibus inventore. Consequatur vel et ratione voluptatem velit. Expedita harum et ut ea cumque quod.",
            "published": false,
            "published_at": "2020-07-10T21:46:22.000000Z",
            "created_at": "2021-02-09T15:58:05.000000Z",
            "updated_at": "2021-02-09T15:58:05.000000Z",
            "author": "Lonnie Kirlin"
        },
        {
            "id": 21,
            "user_id": 2,
            "slug": "incidunt-quidem-omnis-quo-minus-cum-alias-occaecati",
            "title": "Incidunt quidem omnis quo minus cum alias occaecati.",
            "description": "Et eius nesciunt fuga consequuntur dolor vel nam. Est qui officiis impedit id corporis quaerat enim. Non occaecati molestiae autem excepturi nulla perspiciatis.",
            "content": "Autem dolorem asperiores cumque molestias fuga et. Molestiae doloribus blanditiis voluptatum rerum maxime. Quia accusamus et explicabo amet aliquid possimus.",
            "published": false,
            "published_at": "2020-12-22T06:24:41.000000Z",
            "created_at": "2021-02-09T15:58:05.000000Z",
            "updated_at": "2021-02-09T15:58:05.000000Z",
            "author": "Lonnie Kirlin"
        },
        {
            "id": 22,
            "user_id": 2,
            "slug": "magnam-qui-non-est-nihil-hic",
            "title": "Magnam qui non est nihil hic.",
            "description": "Nobis expedita in blanditiis commodi. Aut omnis tempora hic expedita impedit perspiciatis.",
            "content": "Consectetur consequatur atque atque libero illum. Enim quo libero dicta ab quisquam a dolores odit. Non enim est aut enim et.",
            "published": false,
            "published_at": "2020-11-07T02:03:00.000000Z",
            "created_at": "2021-02-09T15:58:05.000000Z",
            "updated_at": "2021-02-09T15:58:05.000000Z",
            "author": "Lonnie Kirlin"
        },
        {
            "id": 23,
            "user_id": 2,
            "slug": "perspiciatis-officia-aut-dolores-pariatur-dolorem",
            "title": "Perspiciatis officia aut dolores pariatur dolorem.",
            "description": "Dignissimos ut impedit non ipsam similique voluptatum. Dolorem autem officiis id.",
            "content": "Commodi ad in rem et. Aut ad aut quis adipisci est et. Qui temporibus sunt vero non. Et fugit voluptatem neque.",
            "published": false,
            "published_at": "2020-11-20T15:17:36.000000Z",
            "created_at": "2021-02-09T15:58:05.000000Z",
            "updated_at": "2021-02-09T15:58:05.000000Z",
            "author": "Lonnie Kirlin"
        },
        {
            "id": 24,
            "user_id": 2,
            "slug": "neque-unde-consectetur-voluptatem-id-voluptatem-voluptas-provident",
            "title": "Neque unde consectetur voluptatem id voluptatem voluptas provident.",
            "description": "Sunt ipsam non commodi sint tempore harum quam. Voluptatem eos eveniet sunt illum nulla omnis iusto et. Sit dolores odio est eaque fugiat quos eum et.",
            "content": "Minima aut deserunt ipsa ipsum sit quibusdam. Harum eligendi qui deserunt reiciendis. Omnis libero enim et quasi. Aliquam dolore fuga optio enim consequatur corrupti aspernatur.",
            "published": true,
            "published_at": "2020-06-24T17:07:58.000000Z",
            "created_at": "2021-02-09T15:58:05.000000Z",
            "updated_at": "2021-02-09T15:58:05.000000Z",
            "author": "Lonnie Kirlin"
        },
        {
            "id": 25,
            "user_id": 2,
            "slug": "eos-sunt-quo-fugit-quia-porro-rerum-aut",
            "title": "Eos sunt quo fugit quia porro rerum aut.",
            "description": "Quia omnis perspiciatis incidunt nisi accusantium nesciunt voluptas. Et quibusdam atque quia doloremque cum. Facere omnis qui corrupti praesentium beatae dolorum et expedita.",
            "content": "Corporis corporis eaque dolores quo quia. Ipsum omnis quasi voluptatum. Voluptatem quidem libero et nihil quia odit.",
            "published": false,
            "published_at": "2020-04-26T05:06:11.000000Z",
            "created_at": "2021-02-09T15:58:05.000000Z",
            "updated_at": "2021-02-09T15:58:05.000000Z",
            "author": "Lonnie Kirlin"
        }
    ],
    "links": {
        "first": "http:\/\/laravel-nuxt-blog.test\/api\/posts?page=1",
        "last": "http:\/\/laravel-nuxt-blog.test\/api\/posts?page=5",
        "prev": null,
        "next": "http:\/\/laravel-nuxt-blog.test\/api\/posts?page=2"
    },
    "meta": {
        "current_page": 1,
        "from": 1,
        "last_page": 5,
        "links": [
            {
                "url": null,
                "label": "&laquo; Previous",
                "active": false
            },
            {
                "url": "http:\/\/laravel-nuxt-blog.test\/api\/posts?page=1",
                "label": 1,
                "active": true
            },
            {
                "url": "http:\/\/laravel-nuxt-blog.test\/api\/posts?page=2",
                "label": 2,
                "active": false
            },
            {
                "url": "http:\/\/laravel-nuxt-blog.test\/api\/posts?page=3",
                "label": 3,
                "active": false
            },
            {
                "url": "http:\/\/laravel-nuxt-blog.test\/api\/posts?page=4",
                "label": 4,
                "active": false
            },
            {
                "url": "http:\/\/laravel-nuxt-blog.test\/api\/posts?page=5",
                "label": 5,
                "active": false
            },
            {
                "url": "http:\/\/laravel-nuxt-blog.test\/api\/posts?page=2",
                "label": "Next &raquo;",
                "active": false
            }
        ],
        "path": "http:\/\/laravel-nuxt-blog.test\/api\/posts",
        "per_page": 25,
        "to": 25,
        "total": 125
    }
}
